// Jest Snapshot v1, https://goo.gl/fbAQLP

exports[`<Header /> Header renders correctly 1`] = `
<View>
  <Text
    accessibilityRole="link"
    href="/Index"
    onPress={[Function]}
    style={
      Object {
        "color": "green",
        "fontSize": 20,
      }
    }
  >
    Initial App
  </Text>
  <Text
    accessibilityRole="link"
    href="/First"
    onPress={[Function]}
    style={
      Object {
        "color": "green",
        "fontSize": 20,
      }
    }
  >
    Home
  </Text>
  <Text
    accessibilityRole="link"
    href="/Alternate"
    onPress={[Function]}
    style={
      Object {
        "color": "green",
        "fontSize": 20,
      }
    }
  >
    Alternate
  </Text>
  <Text
    accessibilityRole="link"
    href="/Test"
    onPress={[Function]}
    style={
      Object {
        "color": "green",
        "fontSize": 20,
      }
    }
  >
    Test
  </Text>
</View>
`;
